
Dear 2 Cousin Rodney,

It is a shame you couldn't make it to the wedding.

Best wishes,
Josie
